// Jest Snapshot v1, https://goo.gl/fbAQLP

exports[`SearchableList to match snapshot 1`] = `
<body>
  <div>
    <div
      class="searchable-list-input form-group"
    >
      <label
        class="searchable-list-label form-label"
      />
      <div
        class="input-group"
      >
        <input
          class="form-control"
          placeholder="Search"
          type="text"
          value=""
        />
      </div>
    </div>
    <div
      class="searchable-list overflow-y-auto"
    />
  </div>
</body>
`;
