// Jest Snapshot v1, https://goo.gl/fbAQLP

exports[`AddEligibilityContainer - sprint 4 to match on form submit 1`] = `
<body>
  <div>
    <form
      class="h-100"
    >
      <div
        class="d-flex flex-column manage-company h-100"
      >
        <div
          class="d-flex layout-header align-items-center"
        >
          <div>
            <nav
              aria-label="breadcrumb"
            >
              <ol
                class="breadcrumb"
              >
                <li
                  class="breadcrumb-item"
                >
                  <a
                    href="#"
                    role="button"
                  >
                    <a
                      href="/home"
                    >
                      Home
                    </a>
                  </a>
                </li>
                <li
                  class="breadcrumb-item"
                >
                  <a
                    href="#"
                    role="button"
                  >
                    <a
                      href="/plans"
                    >
                      Manage Plan
                    </a>
                  </a>
                </li>
              </ol>
            </nav>
            <h5 />
          </div>
          <div
            class="d-flex align-items-center justify-content-center tab-wrapper"
          />
          <div
            class="ml-auto"
          >
            <div>
              <a
                href="/plans"
              >
                <button
                  class="btn btn-secondary"
                  flow="add,save"
                  link="/plans"
                  type="button"
                >
                  Cancel
                </button>
              </a>
                 
              <button
                class="btn btn-primary"
                flow="add"
                type="submit"
              >
                Save
              </button>
                 
            </div>
          </div>
        </div>
        <div
          class="layout-content h-100 overflow-auto"
        >
          <div
            class="row"
          >
            <div
              class="col"
            >
              <div
                class="required md form-group"
              >
                <label
                  class="form-label"
                >
                  Eligibility Rule for
                   
                </label>
                <div
                  class="form-control form-button-group "
                >
                  <div
                    aria-label="Eligibility Rule for"
                    class="btn-group"
                    name="eligibilityRule"
                    role="group"
                  >
                    <button
                      class="btn btn-primary"
                      data-attr="Plan"
                      type="button"
                    >
                      Plan
                    </button>
                    <button
                      class="btn btn-primary"
                      data-attr="Source"
                      type="button"
                    >
                      Source
                    </button>
                  </div>
                </div>
              </div>
            </div>
          </div>
          <p
            class="mb-10"
          >
            Eligibility Details
          </p>
          <div
            class="row"
          >
            <div
              class="col-md-4"
            >
              <div
                class="required md form-group"
              >
                <label
                  class="form-label"
                >
                  Eligibility Name
                   
                </label>
                <div
                  class="d-flex"
                >
                  <input
                    autocomplete="off"
                    class="form-control"
                    label="Eligibility Name"
                    name="eligibilityName"
                    type="text"
                    value=""
                  />
                </div>
              </div>
            </div>
          </div>
          <div
            class="row"
          >
            <div
              class="col-md-7"
            >
              <div
                class=" lg form-group"
              >
                <label
                  class="form-label"
                >
                  Eligibility Description
                   
                </label>
                <textarea
                  autocomplete="off"
                  class="form-control form-control-lg"
                  label="Eligibility Description"
                  name="eligibilityDescription"
                  rows="3"
                />
              </div>
            </div>
          </div>
          <p
            class="mb-10"
          >
            Exclusions
          </p>
          <div
            class="row"
          >
            <div
              class="col"
            >
              <div
                class="required sm form-group"
              >
                <label
                  class="form-label"
                >
                  Select an exclusion type
                   
                </label>
                <div
                  class="form-control form-button-group "
                >
                  <div
                    aria-label="Select an exclusion type"
                    class="btn-group"
                    name="exclusionType"
                    role="group"
                  >
                    <button
                      class="btn btn-primary"
                      data-attr="Date of Hire"
                      type="button"
                    >
                      Date of Hire
                    </button>
                    <button
                      class="btn btn-primary"
                      data-attr="Employee Classification"
                      type="button"
                    >
                      Employee Classification
                    </button>
                    <button
                      class="btn btn-primary"
                      data-attr="Both Date of Hire and Employee Classification"
                      type="button"
                    >
                      Both Date of Hire and Employee Classification
                    </button>
                    <button
                      class="btn btn-primary"
                      data-attr="None"
                      type="button"
                    >
                      None
                    </button>
                  </div>
                </div>
              </div>
            </div>
          </div>
          <div
            class="row"
          >
            <div
              class="col-md-2"
            >
              <div
                class="required sm form-group"
              >
                <label
                  class="form-label"
                >
                  Date of Hire
                   
                </label>
                <button
                  class="form-control dropSide  dropdown"
                  style="position: relative; display: flex; align-items: center;"
                  type="button"
                >
                  <select
                    style="visibility: hidden;"
                  >
                    <option
                      value=""
                    >
                      ------select-----
                    </option>
                  </select>
                  <div
                    class="dropSide-custom-select"
                  >
                    Select
                  </div>
                  <span
                    class="dropSide-custom-select-arrow"
                    style="display: flex; position: absolute; right: 0px; padding: 0px; min-width: 32px; font-size: 24px; outline: none; height: 100%;"
                  >
                    <span
                      style="transform: rotate(90deg);"
                    >
                      &gt;
                    </span>
                  </span>
                </button>
              </div>
            </div>
            <div
              class="col-md-2"
            >
              <div
                class="required sm form-group"
              >
                <label
                  class="form-label"
                >
                  Start Date
                   
                </label>
                <button
                  class="form-control dropSide  dropdown"
                  style="position: relative; display: flex; align-items: center;"
                  type="button"
                >
                  <select
                    style="visibility: hidden;"
                  >
                    <option
                      value=""
                    >
                      ------select-----
                    </option>
                  </select>
                  <div
                    class="dropSide-custom-select"
                  >
                    Select
                  </div>
                  <span
                    class="dropSide-custom-select-arrow"
                    style="display: flex; position: absolute; right: 0px; padding: 0px; min-width: 32px; font-size: 24px; outline: none; height: 100%;"
                  >
                    <span
                      style="transform: rotate(90deg);"
                    >
                      &gt;
                    </span>
                  </span>
                </button>
              </div>
            </div>
            <div
              class="col-md-2"
            >
              <div
                class="required sm form-group"
              >
                <label
                  class="form-label"
                >
                  End Date
                   
                </label>
                <button
                  class="form-control dropSide  dropdown"
                  style="position: relative; display: flex; align-items: center;"
                  type="button"
                >
                  <select
                    style="visibility: hidden;"
                  >
                    <option
                      value=""
                    >
                      ------select-----
                    </option>
                  </select>
                  <div
                    class="dropSide-custom-select"
                  >
                    Select
                  </div>
                  <span
                    class="dropSide-custom-select-arrow"
                    style="display: flex; position: absolute; right: 0px; padding: 0px; min-width: 32px; font-size: 24px; outline: none; height: 100%;"
                  >
                    <span
                      style="transform: rotate(90deg);"
                    >
                      &gt;
                    </span>
                  </span>
                </button>
              </div>
            </div>
          </div>
          <div
            class="d-flex w-100 align-items-center justify-content-between mb-4"
          >
            <p
              class="w-50 m-0 py-3"
            >
              Select Employee Classifications
            </p>
            <div
              class=""
            >
              <button
                class="btn btn-primary"
                type="button"
              >
                SHOW SELECTED
              </button>
            </div>
          </div>
          <div
            class="loader-wrapper "
          >
            <div
              class="d-flex flex-column cspl-table undefined"
            >
              <div
                class="d-flex table-head align-items-center undefined"
              >
                <div
                  class="d-flex table-row undefined"
                >
                  <div
                    class="d-flex table-head-cell   undefined"
                  >
                    <div
                      class="custom-control custom-checkbox"
                    >
                      <input
                        class="custom-control-input"
                        id="master-sources-radio-head"
                        name="master-sources-radio-head"
                        type="checkbox"
                      />
                      <label
                        class="custom-control-label"
                        for="master-sources-radio-head"
                        title=""
                      />
                    </div>
                  </div>
                  <div
                    class="d-flex table-head-cell column-employee-classification-name  undefined"
                  >
                    Employee classifications
                  </div>
                </div>
              </div>
              <div
                class="d-flex flex-column table-body undefined"
              />
            </div>
          </div>
          <p
            class="mb-10"
          >
            Default Eligibility Rule
          </p>
          <div
            class="row"
          >
            <div
              class="col"
            >
              <div
                class="required sm form-group"
              >
                <label
                  class="form-label"
                >
                  Select an exclusion type
                   
                </label>
                <div
                  class="form-control form-button-group "
                >
                  <div
                    aria-label="Select an exclusion type"
                    class="btn-group"
                    name="immediateEligibility"
                    role="group"
                  >
                    <button
                      class="btn btn-primary"
                      data-attr="Yes"
                      type="button"
                    >
                      Yes
                    </button>
                    <button
                      class="btn btn-primary"
                      data-attr="No"
                      type="button"
                    >
                      No
                    </button>
                  </div>
                </div>
              </div>
            </div>
          </div>
          <p
            class="mb-10"
          >
            Eligibility Re-Evaluation
          </p>
          <div
            class="row"
          >
            <div
              class="col"
            >
              <div
                class="required sm form-group"
              >
                <label
                  class="form-label"
                >
                  Re-evaluate Eligibility while moving among different employee populations
                   
                </label>
                <div
                  class="form-control form-button-group "
                >
                  <div
                    aria-label="Re-evaluate Eligibility while moving among different employee populations"
                    class="btn-group"
                    name="employeePopulation"
                    role="group"
                  >
                    <button
                      class="btn btn-primary"
                      data-attr="Yes"
                      type="button"
                    >
                      Yes
                    </button>
                    <button
                      class="btn btn-primary"
                      data-attr="No"
                      type="button"
                    >
                      No
                    </button>
                  </div>
                </div>
              </div>
            </div>
          </div>
          <p
            class="mb-10"
          >
            Break In Service And Termination
          </p>
          <div
            class="row"
          >
            <div
              class="col"
            >
              <div
                class="required sm form-group"
              >
                <label
                  class="form-label"
                >
                  Break in service applicable
                   
                </label>
                <div
                  class="form-control form-button-group "
                >
                  <div
                    aria-label="Break in service applicable"
                    class="btn-group"
                    name="serviceApplicable"
                    role="group"
                  >
                    <button
                      class="btn btn-primary"
                      data-attr="Yes"
                      type="button"
                    >
                      Yes
                    </button>
                    <button
                      class="btn btn-primary"
                      data-attr="No"
                      type="button"
                    >
                      No
                    </button>
                  </div>
                </div>
              </div>
            </div>
          </div>
          <div
            class="line-separator"
          />
          <div
            class="d-flex justify-content-between"
          >
            <div>
              <h4
                class="ft-20"
              >
                Additional Eligibility Rules
              </h4>
            </div>
            <div>
              <a
                href="/manage-plan/additional-eligibility-rule"
              >
                <button
                  class="add-icon"
                >
                  <svg
                    aria-hidden="true"
                    class="svg-inline--fa fa-plus-square fa-w-14 fa-lg "
                    data-icon="plus-square"
                    data-prefix="fal"
                    focusable="false"
                    role="img"
                    viewBox="0 0 448 512"
                    xmlns="http://www.w3.org/2000/svg"
                  >
                    <path
                      d="M400 64c8.8 0 16 7.2 16 16v352c0 8.8-7.2 16-16 16H48c-8.8 0-16-7.2-16-16V80c0-8.8 7.2-16 16-16h352m0-32H48C21.5 32 0 53.5 0 80v352c0 26.5 21.5 48 48 48h352c26.5 0 48-21.5 48-48V80c0-26.5-21.5-48-48-48zm-60 206h-98v-98c0-6.6-5.4-12-12-12h-12c-6.6 0-12 5.4-12 12v98h-98c-6.6 0-12 5.4-12 12v12c0 6.6 5.4 12 12 12h98v98c0 6.6 5.4 12 12 12h12c6.6 0 12-5.4 12-12v-98h98c6.6 0 12-5.4 12-12v-12c0-6.6-5.4-12-12-12z"
                      fill="currentColor"
                    />
                  </svg>
                </button>
              </a>
            </div>
          </div>
          <div
            class="d-flex align-items-center justify-content-start h-75 bg-white h-auto add-items"
          >
            <div
              class="p-5"
            >
              <h4
                class="mb-3"
              >
                No additional rules
              </h4>
              <div
                class="d-flex"
              >
                <a
                  href="/manage-plan/additional-eligibility-rule"
                >
                  <button
                    class="btn btn-primary"
                    type="button"
                  >
                    ADD ALLOCATION ELIGIBILITY RULE
                  </button>
                </a>
              </div>
            </div>
          </div>
        </div>
      </div>
    </form>
  </div>
</body>
`;

exports[`AddEligibilityContainer - sprint 4 to match snapshot active 1`] = `
<body>
  <div>
    <form
      class="h-100"
    >
      <div
        class="d-flex flex-column manage-company h-100"
      >
        <div
          class="d-flex layout-header align-items-center"
        >
          <div>
            <nav
              aria-label="breadcrumb"
            >
              <ol
                class="breadcrumb"
              >
                <li
                  class="breadcrumb-item"
                >
                  <a
                    href="#"
                    role="button"
                  >
                    <a
                      href="/home"
                    >
                      Home
                    </a>
                  </a>
                </li>
                <li
                  class="breadcrumb-item"
                >
                  <a
                    href="#"
                    role="button"
                  >
                    <a
                      href="/plans"
                    >
                      Manage Plan
                    </a>
                  </a>
                </li>
              </ol>
            </nav>
            <h5 />
          </div>
          <div
            class="d-flex align-items-center justify-content-center tab-wrapper"
          />
          <div
            class="ml-auto"
          >
            <div>
              <a
                href="/plans"
              >
                <button
                  class="btn btn-secondary"
                  flow="add,save"
                  link="/plans"
                  type="button"
                >
                  Cancel
                </button>
              </a>
                 
              <button
                class="btn btn-primary"
                flow="add"
                type="submit"
              >
                Save
              </button>
                 
            </div>
          </div>
        </div>
        <div
          class="layout-content h-100 overflow-auto"
        >
          <div
            class="row"
          >
            <div
              class="col"
            >
              <div
                class="required md form-group"
              >
                <label
                  class="form-label"
                >
                  Eligibility Rule for
                   
                </label>
                <div
                  class="form-control form-button-group "
                >
                  <div
                    aria-label="Eligibility Rule for"
                    class="btn-group"
                    name="eligibilityRule"
                    role="group"
                  >
                    <button
                      class="btn btn-primary"
                      data-attr="Plan"
                      type="button"
                    >
                      Plan
                    </button>
                    <button
                      class="btn btn-primary"
                      data-attr="Source"
                      type="button"
                    >
                      Source
                    </button>
                  </div>
                </div>
              </div>
            </div>
          </div>
          <p
            class="mb-10"
          >
            Eligibility Details
          </p>
          <div
            class="row"
          >
            <div
              class="col-md-4"
            >
              <div
                class="required md form-group"
              >
                <label
                  class="form-label"
                >
                  Eligibility Name
                   
                </label>
                <div
                  class="d-flex"
                >
                  <input
                    autocomplete="off"
                    class="form-control"
                    label="Eligibility Name"
                    name="eligibilityName"
                    type="text"
                    value=""
                  />
                </div>
              </div>
            </div>
          </div>
          <div
            class="row"
          >
            <div
              class="col-md-7"
            >
              <div
                class=" lg form-group"
              >
                <label
                  class="form-label"
                >
                  Eligibility Description
                   
                </label>
                <textarea
                  autocomplete="off"
                  class="form-control form-control-lg"
                  label="Eligibility Description"
                  name="eligibilityDescription"
                  rows="3"
                />
              </div>
            </div>
          </div>
          <p
            class="mb-10"
          >
            Exclusions
          </p>
          <div
            class="row"
          >
            <div
              class="col"
            >
              <div
                class="required sm form-group"
              >
                <label
                  class="form-label"
                >
                  Select an exclusion type
                   
                </label>
                <div
                  class="form-control form-button-group "
                >
                  <div
                    aria-label="Select an exclusion type"
                    class="btn-group"
                    name="exclusionType"
                    role="group"
                  >
                    <button
                      class="btn btn-primary"
                      data-attr="Date of Hire"
                      type="button"
                    >
                      Date of Hire
                    </button>
                    <button
                      class="btn btn-primary"
                      data-attr="Employee Classification"
                      type="button"
                    >
                      Employee Classification
                    </button>
                    <button
                      class="btn btn-primary"
                      data-attr="Both Date of Hire and Employee Classification"
                      type="button"
                    >
                      Both Date of Hire and Employee Classification
                    </button>
                    <button
                      class="btn btn-primary"
                      data-attr="None"
                      type="button"
                    >
                      None
                    </button>
                  </div>
                </div>
              </div>
            </div>
          </div>
          <div
            class="row"
          >
            <div
              class="col-md-2"
            >
              <div
                class="required sm form-group"
              >
                <label
                  class="form-label"
                >
                  Date of Hire
                   
                </label>
                <button
                  class="form-control dropSide  dropdown"
                  style="position: relative; display: flex; align-items: center;"
                  type="button"
                >
                  <select
                    style="visibility: hidden;"
                  >
                    <option
                      value=""
                    >
                      ------select-----
                    </option>
                  </select>
                  <div
                    class="dropSide-custom-select"
                  >
                    Select
                  </div>
                  <span
                    class="dropSide-custom-select-arrow"
                    style="display: flex; position: absolute; right: 0px; padding: 0px; min-width: 32px; font-size: 24px; outline: none; height: 100%;"
                  >
                    <span
                      style="transform: rotate(90deg);"
                    >
                      &gt;
                    </span>
                  </span>
                </button>
              </div>
            </div>
            <div
              class="col-md-2"
            >
              <div
                class="required sm form-group"
              >
                <label
                  class="form-label"
                >
                  Start Date
                   
                </label>
                <button
                  class="form-control dropSide  dropdown"
                  style="position: relative; display: flex; align-items: center;"
                  type="button"
                >
                  <select
                    style="visibility: hidden;"
                  >
                    <option
                      value=""
                    >
                      ------select-----
                    </option>
                  </select>
                  <div
                    class="dropSide-custom-select"
                  >
                    Select
                  </div>
                  <span
                    class="dropSide-custom-select-arrow"
                    style="display: flex; position: absolute; right: 0px; padding: 0px; min-width: 32px; font-size: 24px; outline: none; height: 100%;"
                  >
                    <span
                      style="transform: rotate(90deg);"
                    >
                      &gt;
                    </span>
                  </span>
                </button>
              </div>
            </div>
            <div
              class="col-md-2"
            >
              <div
                class="required sm form-group"
              >
                <label
                  class="form-label"
                >
                  End Date
                   
                </label>
                <button
                  class="form-control dropSide  dropdown"
                  style="position: relative; display: flex; align-items: center;"
                  type="button"
                >
                  <select
                    style="visibility: hidden;"
                  >
                    <option
                      value=""
                    >
                      ------select-----
                    </option>
                  </select>
                  <div
                    class="dropSide-custom-select"
                  >
                    Select
                  </div>
                  <span
                    class="dropSide-custom-select-arrow"
                    style="display: flex; position: absolute; right: 0px; padding: 0px; min-width: 32px; font-size: 24px; outline: none; height: 100%;"
                  >
                    <span
                      style="transform: rotate(90deg);"
                    >
                      &gt;
                    </span>
                  </span>
                </button>
              </div>
            </div>
          </div>
          <div
            class="d-flex w-100 align-items-center justify-content-between mb-4"
          >
            <p
              class="w-50 m-0 py-3"
            >
              Select Employee Classifications
            </p>
            <div
              class=""
            >
              <button
                class="btn btn-primary"
                type="button"
              >
                SHOW SELECTED
              </button>
            </div>
          </div>
          <div
            class="loader-wrapper "
          >
            <div
              class="d-flex flex-column cspl-table undefined"
            >
              <div
                class="d-flex table-head align-items-center undefined"
              >
                <div
                  class="d-flex table-row undefined"
                >
                  <div
                    class="d-flex table-head-cell   undefined"
                  >
                    <div
                      class="custom-control custom-checkbox"
                    >
                      <input
                        class="custom-control-input"
                        id="master-sources-radio-head"
                        name="master-sources-radio-head"
                        type="checkbox"
                      />
                      <label
                        class="custom-control-label"
                        for="master-sources-radio-head"
                        title=""
                      />
                    </div>
                  </div>
                  <div
                    class="d-flex table-head-cell column-employee-classification-name  undefined"
                  >
                    Employee classifications
                  </div>
                </div>
              </div>
              <div
                class="d-flex flex-column table-body undefined"
              />
            </div>
          </div>
          <p
            class="mb-10"
          >
            Default Eligibility Rule
          </p>
          <div
            class="row"
          >
            <div
              class="col"
            >
              <div
                class="required sm form-group"
              >
                <label
                  class="form-label"
                >
                  Select an exclusion type
                   
                </label>
                <div
                  class="form-control form-button-group "
                >
                  <div
                    aria-label="Select an exclusion type"
                    class="btn-group"
                    name="immediateEligibility"
                    role="group"
                  >
                    <button
                      class="btn btn-primary"
                      data-attr="Yes"
                      type="button"
                    >
                      Yes
                    </button>
                    <button
                      class="btn btn-primary"
                      data-attr="No"
                      type="button"
                    >
                      No
                    </button>
                  </div>
                </div>
              </div>
            </div>
          </div>
          <p
            class="mb-10"
          >
            Eligibility Re-Evaluation
          </p>
          <div
            class="row"
          >
            <div
              class="col"
            >
              <div
                class="required sm form-group"
              >
                <label
                  class="form-label"
                >
                  Re-evaluate Eligibility while moving among different employee populations
                   
                </label>
                <div
                  class="form-control form-button-group "
                >
                  <div
                    aria-label="Re-evaluate Eligibility while moving among different employee populations"
                    class="btn-group"
                    name="employeePopulation"
                    role="group"
                  >
                    <button
                      class="btn btn-primary"
                      data-attr="Yes"
                      type="button"
                    >
                      Yes
                    </button>
                    <button
                      class="btn btn-primary"
                      data-attr="No"
                      type="button"
                    >
                      No
                    </button>
                  </div>
                </div>
              </div>
            </div>
          </div>
          <p
            class="mb-10"
          >
            Break In Service And Termination
          </p>
          <div
            class="row"
          >
            <div
              class="col"
            >
              <div
                class="required sm form-group"
              >
                <label
                  class="form-label"
                >
                  Break in service applicable
                   
                </label>
                <div
                  class="form-control form-button-group "
                >
                  <div
                    aria-label="Break in service applicable"
                    class="btn-group"
                    name="serviceApplicable"
                    role="group"
                  >
                    <button
                      class="btn btn-primary"
                      data-attr="Yes"
                      type="button"
                    >
                      Yes
                    </button>
                    <button
                      class="btn btn-primary"
                      data-attr="No"
                      type="button"
                    >
                      No
                    </button>
                  </div>
                </div>
              </div>
            </div>
          </div>
          <div
            class="line-separator"
          />
          <div
            class="d-flex justify-content-between"
          >
            <div>
              <h4
                class="ft-20"
              >
                Additional Eligibility Rules
              </h4>
            </div>
            <div>
              <a
                href="/manage-plan/additional-eligibility-rule"
              >
                <button
                  class="add-icon"
                >
                  <svg
                    aria-hidden="true"
                    class="svg-inline--fa fa-plus-square fa-w-14 fa-lg "
                    data-icon="plus-square"
                    data-prefix="fal"
                    focusable="false"
                    role="img"
                    viewBox="0 0 448 512"
                    xmlns="http://www.w3.org/2000/svg"
                  >
                    <path
                      d="M400 64c8.8 0 16 7.2 16 16v352c0 8.8-7.2 16-16 16H48c-8.8 0-16-7.2-16-16V80c0-8.8 7.2-16 16-16h352m0-32H48C21.5 32 0 53.5 0 80v352c0 26.5 21.5 48 48 48h352c26.5 0 48-21.5 48-48V80c0-26.5-21.5-48-48-48zm-60 206h-98v-98c0-6.6-5.4-12-12-12h-12c-6.6 0-12 5.4-12 12v98h-98c-6.6 0-12 5.4-12 12v12c0 6.6 5.4 12 12 12h98v98c0 6.6 5.4 12 12 12h12c6.6 0 12-5.4 12-12v-98h98c6.6 0 12-5.4 12-12v-12c0-6.6-5.4-12-12-12z"
                      fill="currentColor"
                    />
                  </svg>
                </button>
              </a>
            </div>
          </div>
          <div
            class="d-flex align-items-center justify-content-start h-75 bg-white h-auto add-items"
          >
            <div
              class="p-5"
            >
              <h4
                class="mb-3"
              >
                No additional rules
              </h4>
              <div
                class="d-flex"
              >
                <a
                  href="/manage-plan/additional-eligibility-rule"
                >
                  <button
                    class="btn btn-primary"
                    type="button"
                  >
                    ADD ALLOCATION ELIGIBILITY RULE
                  </button>
                </a>
              </div>
            </div>
          </div>
        </div>
      </div>
    </form>
  </div>
</body>
`;
