// Jest Snapshot v1, https://goo.gl/fbAQLP

exports[`Sidebar to match snapshot 1`] = `
<body>
  <div>
    <div
      class="sidebar-container "
    >
      <div
        class="sidebar-placeholder"
      />
      <div
        class="sidebar-overlay"
      />
      <div
        class="sidebar"
      />
      <div
        class="sidebar-app"
      />
    </div>
  </div>
</body>
`;
