// Jest Snapshot v1, https://goo.gl/fbAQLP

exports[`ManageCompanyMenu to match snapshot 1`] = `
<body>
  <div>
    <ul
      class="manage-company-menu"
    >
      <li
        class=""
      >
        <a
          href="/manage-company/definitions/123456"
        >
          Definition
        </a>
      </li>
      <li
        class=""
      >
        <a
          href="/manage-company/incorporation-details/123456"
        >
          Incorporation Details
        </a>
      </li>
      <li
        class=""
      >
        <a
          href="/manage-company/settings/123456"
        >
          Settings
        </a>
      </li>
      <li
        class=""
      >
        <a
          href="/manage-company/manage-employee-classifications/123456"
        >
          Employee Classification
        </a>
      </li>
      <li
        class=""
      >
        <a
          href="/manage-company/manage-employment-status/123456"
        >
          Employment Status
        </a>
      </li>
      <li
        class=""
      >
        <a
          href="/manage-company/manage-payroll-frequency/123456"
        >
          Payroll Frequency
        </a>
      </li>
      <li
        class="selected"
      >
        <a
          href="/manage-company/manage-payroll-calendar/123456"
        >
          Payroll Calendar
        </a>
      </li>
    </ul>
  </div>
</body>
`;
