// Jest Snapshot v1, https://goo.gl/fbAQLP

exports[`HomeContainer renders learn react link 1`] = `
<body>
  <div>
    <div
      class="loader-wrapper row"
    >
      <div
        class="home-container row row-cols-md-3"
      >
        <div
          class="col"
        >
          <a
            class="home-widget-card "
            href="/plans"
          >
            <div
              class="widget-icon"
            >
              <img
                alt="Plan"
                class=""
                src="/assets/icons/svg/plan.svg"
              />
            </div>
            <div
              class="widget-content"
            >
              <div
                class="widget-label"
              >
                Plan
              </div>
              <div
                class="widget-count"
              >
                0
              </div>
            </div>
            <button
              class="add-icon"
            >
              <svg
                aria-hidden="true"
                class="svg-inline--fa fa-plus-square fa-w-14 fa-lg "
                data-icon="plus-square"
                data-prefix="fal"
                focusable="false"
                role="img"
                viewBox="0 0 448 512"
                xmlns="http://www.w3.org/2000/svg"
              >
                <path
                  d="M400 64c8.8 0 16 7.2 16 16v352c0 8.8-7.2 16-16 16H48c-8.8 0-16-7.2-16-16V80c0-8.8 7.2-16 16-16h352m0-32H48C21.5 32 0 53.5 0 80v352c0 26.5 21.5 48 48 48h352c26.5 0 48-21.5 48-48V80c0-26.5-21.5-48-48-48zm-60 206h-98v-98c0-6.6-5.4-12-12-12h-12c-6.6 0-12 5.4-12 12v98h-98c-6.6 0-12 5.4-12 12v12c0 6.6 5.4 12 12 12h98v98c0 6.6 5.4 12 12 12h12c6.6 0 12-5.4 12-12v-98h98c6.6 0 12-5.4 12-12v-12c0-6.6-5.4-12-12-12z"
                  fill="currentColor"
                />
              </svg>
            </button>
          </a>
        </div>
        <div
          class="col"
        >
          <a
            class="home-widget-card "
            href="/companys"
          >
            <div
              class="widget-icon"
            >
              <img
                alt="Company"
                class=""
                src="/assets/icons/svg/company.svg"
              />
            </div>
            <div
              class="widget-content"
            >
              <div
                class="widget-label"
              >
                Company
              </div>
              <div
                class="widget-count"
              >
                0
              </div>
            </div>
            <button
              class="add-icon"
            >
              <svg
                aria-hidden="true"
                class="svg-inline--fa fa-plus-square fa-w-14 fa-lg "
                data-icon="plus-square"
                data-prefix="fal"
                focusable="false"
                role="img"
                viewBox="0 0 448 512"
                xmlns="http://www.w3.org/2000/svg"
              >
                <path
                  d="M400 64c8.8 0 16 7.2 16 16v352c0 8.8-7.2 16-16 16H48c-8.8 0-16-7.2-16-16V80c0-8.8 7.2-16 16-16h352m0-32H48C21.5 32 0 53.5 0 80v352c0 26.5 21.5 48 48 48h352c26.5 0 48-21.5 48-48V80c0-26.5-21.5-48-48-48zm-60 206h-98v-98c0-6.6-5.4-12-12-12h-12c-6.6 0-12 5.4-12 12v98h-98c-6.6 0-12 5.4-12 12v12c0 6.6 5.4 12 12 12h98v98c0 6.6 5.4 12 12 12h12c6.6 0 12-5.4 12-12v-98h98c6.6 0 12-5.4 12-12v-12c0-6.6-5.4-12-12-12z"
                  fill="currentColor"
                />
              </svg>
            </button>
          </a>
        </div>
        <div
          class="col"
        >
          <a
            class="home-widget-card "
            href="/employees"
          >
            <div
              class="widget-icon"
            >
              <img
                alt="Employees"
                class=""
                src="/assets/icons/svg/employees.svg"
              />
            </div>
            <div
              class="widget-content"
            >
              <div
                class="widget-label"
              >
                Employees
              </div>
              <div
                class="widget-count"
              >
                0
              </div>
            </div>
            <button
              class="add-icon"
            >
              <svg
                aria-hidden="true"
                class="svg-inline--fa fa-plus-square fa-w-14 fa-lg "
                data-icon="plus-square"
                data-prefix="fal"
                focusable="false"
                role="img"
                viewBox="0 0 448 512"
                xmlns="http://www.w3.org/2000/svg"
              >
                <path
                  d="M400 64c8.8 0 16 7.2 16 16v352c0 8.8-7.2 16-16 16H48c-8.8 0-16-7.2-16-16V80c0-8.8 7.2-16 16-16h352m0-32H48C21.5 32 0 53.5 0 80v352c0 26.5 21.5 48 48 48h352c26.5 0 48-21.5 48-48V80c0-26.5-21.5-48-48-48zm-60 206h-98v-98c0-6.6-5.4-12-12-12h-12c-6.6 0-12 5.4-12 12v98h-98c-6.6 0-12 5.4-12 12v12c0 6.6 5.4 12 12 12h98v98c0 6.6 5.4 12 12 12h12c6.6 0 12-5.4 12-12v-98h98c6.6 0 12-5.4 12-12v-12c0-6.6-5.4-12-12-12z"
                  fill="currentColor"
                />
              </svg>
            </button>
          </a>
        </div>
        <div
          class="col"
        >
          <a
            class="home-widget-card "
            href="/eligibility"
          >
            <div
              class="widget-icon"
            >
              <img
                alt="Eligibility"
                class=""
                src="/assets/icons/svg/eligibility.svg"
              />
            </div>
            <div
              class="widget-content"
            >
              <div
                class="widget-label"
              >
                Eligibility
              </div>
              <div
                class="widget-count"
              >
                0
              </div>
            </div>
          </a>
        </div>
        <div
          class="col"
        >
          <a
            class="home-widget-card "
            href="/enrollment"
          >
            <div
              class="widget-icon"
            >
              <img
                alt="Enrollment"
                class=""
                src="/assets/icons/svg/enrollment.svg"
              />
            </div>
            <div
              class="widget-content"
            >
              <div
                class="widget-label"
              >
                Enrollment
              </div>
              <div
                class="widget-count"
              >
                0
              </div>
            </div>
          </a>
        </div>
        <div
          class="col"
        >
          <a
            class="home-widget-card "
            href="/payroll"
          >
            <div
              class="widget-icon"
            >
              <img
                alt="Payroll"
                class=""
                src="/assets/icons/svg/payroll.svg"
              />
            </div>
            <div
              class="widget-content"
            >
              <div
                class="widget-label"
              >
                Payroll
              </div>
              <div
                class="widget-count"
              >
                0
              </div>
            </div>
          </a>
        </div>
        <div
          class="col"
        >
          <a
            class="home-widget-card "
            href="/reports"
          >
            <div
              class="widget-icon"
            >
              <img
                alt="Reports"
                class=""
                src="/assets/icons/svg/reports.svg"
              />
            </div>
            <div
              class="widget-content"
            >
              <div
                class="widget-label"
              >
                Reports
              </div>
              <div
                class="widget-count"
              >
                0
              </div>
            </div>
          </a>
        </div>
        <div
          class="col"
        >
          <a
            class="home-widget-card "
            href="/templates"
          >
            <div
              class="widget-icon"
            >
              <img
                alt="Templates"
                class=""
                src="/assets/icons/svg/templates.svg"
              />
            </div>
            <div
              class="widget-content"
            >
              <div
                class="widget-label"
              >
                Templates
              </div>
              <div
                class="widget-count"
              >
                0
              </div>
            </div>
          </a>
        </div>
        <div
          class="col"
        >
          <a
            class="home-widget-card "
            href="/calculators"
          >
            <div
              class="widget-icon"
            >
              <img
                alt="Calculators"
                class=""
                src="/assets/icons/svg/calculators.svg"
              />
            </div>
            <div
              class="widget-content"
            >
              <div
                class="widget-label"
              >
                Calculators
              </div>
              <div
                class="widget-count"
              >
                0
              </div>
            </div>
          </a>
        </div>
      </div>
    </div>
  </div>
</body>
`;
