// Jest Snapshot v1, https://goo.gl/fbAQLP

exports[`ManageAdvisorContainer to match snapshot active 1`] = `
<body>
  <div>
    <div
      class="d-flex flex-column manage-company h-100"
    >
      <div
        class="d-flex layout-header align-items-center"
      >
        <div>
          <nav
            aria-label="breadcrumb"
          >
            <ol
              class="breadcrumb"
            >
              <li
                class="breadcrumb-item"
              >
                <a
                  href="#"
                  role="button"
                >
                  <a
                    href="/home"
                  >
                    Home
                  </a>
                </a>
              </li>
              <li
                class="breadcrumb-item"
              >
                <a
                  href="#"
                  role="button"
                >
                  <a
                    href="/plans"
                  >
                    Manage Plan
                  </a>
                </a>
              </li>
            </ol>
          </nav>
          <h5 />
        </div>
        <div
          class="d-flex align-items-center justify-content-center tab-wrapper"
        />
        <div
          class="ml-auto"
        >
          <div />
        </div>
      </div>
      <div
        class="layout-content h-100 overflow-auto"
      >
        <div
          class="d-flex flex-column"
        >
          <div
            class="plan-heading mb-10"
          >
            Advisor Information
          </div>
          <div
            class="loader-wrapper "
          >
            <div
              class="d-flex flex-column cspl-table undefined"
            >
              <div
                class="d-flex table-head align-items-center undefined"
              >
                <div
                  class="d-flex table-row undefined"
                >
                  <div
                    class="d-flex table-head-cell column-custodianName sortable "
                  >
                    Company Name
                  </div>
                  <div
                    class="d-flex table-head-cell column-custodianMail sortable "
                  >
                    E Mail
                  </div>
                  <div
                    class="d-flex table-head-cell column-custodianPhone sortable "
                  >
                    Phone No.
                  </div>
                </div>
              </div>
              <div
                class="d-flex flex-column table-body undefined"
              >
                <div
                  class="d-flex table-row undefined"
                >
                  <div
                    class="d-flex table-cell column-custodianName"
                  >
                    <a
                      href="/manage-plan/add-advisor/edit/undefined"
                    >
                      MEP -102
                    </a>
                  </div>
                  <div
                    class="d-flex table-cell column-custodianMail"
                  >
                    advisor@mep207.com
                  </div>
                  <div
                    class="d-flex table-cell column-custodianPhone"
                  >
                    2092889207
                  </div>
                </div>
              </div>
            </div>
          </div>
        </div>
      </div>
    </div>
  </div>
</body>
`;
