// Jest Snapshot v1, https://goo.gl/fbAQLP

exports[`AddAdvisor 1`] = `
<body>
  <div>
    <form
      class="h-100"
    >
      <div
        class="d-flex flex-column manage-company h-100"
      >
        <div
          class="d-flex layout-header align-items-center"
        >
          <div>
            <nav
              aria-label="breadcrumb"
            >
              <ol
                class="breadcrumb"
              >
                <li
                  class="breadcrumb-item"
                >
                  <a
                    href="#"
                    role="button"
                  >
                    <a
                      href="/home"
                    >
                      Home
                    </a>
                  </a>
                </li>
                <li
                  class="breadcrumb-item"
                >
                  <a
                    href="#"
                    role="button"
                  >
                    <a
                      href="/plans"
                    >
                      Manage Plan
                    </a>
                  </a>
                </li>
              </ol>
            </nav>
            <h5 />
          </div>
          <div
            class="d-flex align-items-center justify-content-center tab-wrapper"
          >
            <div
              class="inner-layout-header nav"
            >
              <a
                href="/manage-plan/add-advisor-master/"
              >
                <span
                  class="nav-link"
                >
                  MASTER
                </span>
              </a>
              <a
                href="/manage-plan/add-advisor/"
              >
                <span
                  class="selected nav-link"
                >
                  NEW
                </span>
              </a>
            </div>
          </div>
          <div
            class="ml-auto"
          >
            <div>
              <a
                href="/plans"
              >
                <button
                  class="btn btn-secondary"
                  flow="add,save"
                  link="/plans"
                  type="button"
                >
                  Cancel
                </button>
              </a>
                 
              <button
                class="btn btn-primary"
                flow="add"
                type="submit"
              >
                Save
              </button>
                 
            </div>
          </div>
        </div>
        <div
          class="layout-content h-100 overflow-auto"
        >
          <p
            class="mb-10"
          >
            Add New Advisor
          </p>
          <div
            class="row"
          >
            <div
              class="col-md-4"
            >
              <div
                class=" md form-group"
              >
                <label
                  class="form-label"
                >
                  Company Name
                   
                </label>
                <input
                  autocomplete="off"
                  class="w-100 form-control"
                  name="companyName"
                  type="text"
                  value=""
                />
              </div>
            </div>
          </div>
          <div
            class="row"
          >
            <div
              class="col-md-4"
            >
              <div
                class=" md form-group"
              >
                <label
                  class="form-label"
                >
                  E Mail
                   
                </label>
                <input
                  autocomplete="off"
                  class="w-100 form-control"
                  name="email"
                  type="text"
                  value=""
                />
              </div>
            </div>
          </div>
          <div
            class="row"
          >
            <div
              class="col-md-4"
            >
              <div
                class=" md form-group"
              >
                <label
                  class="form-label"
                >
                  Phone No.
                   
                </label>
                <input
                  autocomplete="off"
                  class="w-100 form-control"
                  name="phoneNumber"
                  type="text"
                  value=""
                />
              </div>
            </div>
          </div>
        </div>
      </div>
    </form>
  </div>
</body>
`;
