// Jest Snapshot v1, https://goo.gl/fbAQLP

exports[`renders learn react link 1`] = `
<body>
  <div>
    <div
      class="sidebar-container "
    >
      <div
        class="sidebar-placeholder"
      />
      <div
        class="sidebar-overlay"
      />
      <div
        class="sidebar"
      >
        <div
          class="d-flex sidebar-content flex-column justify-content-between py-4 px-3"
        >
          <div
            class="minimized-content col"
          >
            <span
              class="core-icon white"
            >
              <img
                class=""
                src="/assets/icons/svg/core-white.svg"
              />
            </span>
          </div>
          <div
            class="maximized-content col"
          >
            <div>
              <span
                class="core-icon"
              >
                <img
                  class=""
                  height="100%"
                  src="/assets/icons/svg/core.svg"
                  width="60px"
                />
              </span>
            </div>
          </div>
          <div
            class="maximized-content  h-1 col"
          >
            <div
              class="mt-auto"
            >
              <ul>
                <li>
                  <a
                    href="#"
                    target="_blank"
                  >
                    Reference & Enquiry
                  </a>
                </li>
                <li>
                  <a
                    href="#"
                    target="_blank"
                  >
                    Privacy Policy
                  </a>
                </li>
              </ul>
              <br />
              <br />
              <br />
              <div>
                © Congruent Solutions Inc.
              </div>
               
              <div>
                All Rights Reserved
              </div>
              <br />
              <br />
              <br />
              <span
                class="congruent-icon"
              >
                <img
                  class=""
                  src="/assets/icons/svg/congruent-full.svg"
                />
              </span>
              <br />
              <br />
              <br />
              <br />
            </div>
          </div>
        </div>
      </div>
      <div
        class="sidebar-app"
      >
        <nav
          class="header-nav navbar navbar-expand-md navbar-light bg-light sticky-top"
        >
          <div
            class="container-fluid"
          >
            <div
              class="header-nav-row align-items-center row"
            >
              <div
                class="col-2"
              >
                <span
                  class="navbar-brand"
                >
                  <a
                    href="/home"
                  >
                    <img
                      class=""
                      height="31"
                      src="/assets/icons/svg/core.svg"
                    />
                  </a>
                </span>
              </div>
              <div
                class="col-6"
              >
                <div
                  class="navbar-nav"
                >
                  <a
                    href="/home"
                  >
                    <span
                      class="nav-link"
                    >
                      Home
                    </span>
                  </a>
                  <a
                    href="/dashboard"
                  >
                    <span
                      class="nav-link"
                    >
                      Dashboard
                    </span>
                  </a>
                </div>
              </div>
              <div
                class="d-flex justify-content-end col-4"
              >
                <span
                  class="icon-container"
                >
                  <span
                    class="icon"
                  >
                    <svg>
                      user-icon.svg
                    </svg>
                  </span>
                </span>
                <span
                  class="icon-container"
                >
                  <span
                    class="icon"
                  >
                    <svg>
                      vertical-triple-dots.svg
                    </svg>
                  </span>
                </span>
              </div>
            </div>
          </div>
        </nav>
        <div
          class="app-layout container-fluid"
        >
          <div
            class="plan-container d-flex flex-column row"
          >
            <div
              class="row"
            >
              <div
                class="col"
              >
                <form
                  class="h-100"
                >
                  <div
                    class="d-flex justify-content-between"
                  >
                    <div
                      class="manage-plan"
                    >
                      <nav
                        aria-label="breadcrumb"
                      >
                        <ol
                          class="breadcrumb"
                        >
                          <li
                            class="breadcrumb-item"
                          >
                            <a
                              href="#"
                              role="button"
                            >
                              Home
                            </a>
                          </li>
                          <li
                            class="breadcrumb-item"
                          >
                            <a
                              href="#"
                              role="button"
                            >
                              Manage Plan
                            </a>
                          </li>
                        </ol>
                      </nav>
                      <h1
                        class="create-plan-heading"
                      >
                        Create Plan
                      </h1>
                    </div>
                    <div
                      class=""
                    >
                      <div>
                        <a
                          href="/plans"
                        >
                          <button
                            class="btn btn-secondary"
                            type="button"
                          >
                            CANCEL
                          </button>
                        </a>
                           
                        <button
                          class="btn btn-primary"
                          type="submit"
                        >
                          CREATE PLAN
                        </button>
                      </div>
                    </div>
                  </div>
                  <div
                    class="required md form-group"
                  >
                    <label
                      class="form-label"
                    >
                      Select plan category
                       
                    </label>
                    <div
                      class="form-control form-button-group "
                    >
                      <div
                        aria-label="Select plan category"
                        class="btn-group"
                        name="planCategory"
                        role="group"
                      >
                        <button
                          class="btn btn-primary"
                          data-attr="Regular"
                          type="button"
                        >
                          Regular
                        </button>
                        <button
                          class="btn btn-primary"
                          data-attr="MEP"
                          type="button"
                        >
                          MEP
                        </button>
                        <button
                          class="btn btn-primary"
                          data-attr="PEP"
                          type="button"
                        >
                          PEP
                        </button>
                        <button
                          class="btn btn-primary"
                          data-attr="Prototype"
                          type="button"
                        >
                          Prototype
                        </button>
                      </div>
                    </div>
                  </div>
                  
                  
                  
                  
                  <div
                    class="required md form-group"
                  >
                    <label
                      class="form-label"
                    >
                      Select a plan type
                       
                    </label>
                    <button
                      class="form-control dropSide  dropdown"
                      style="position: relative; display: flex; align-items: center;"
                      type="button"
                    >
                      <select
                        style="visibility: hidden;"
                      >
                        <option
                          value=""
                        >
                          ------select-----
                        </option>
                        <option
                          value="401(k)"
                        >
                          401(k)
                        </option>
                        <option
                          value="401(a)"
                        >
                          401(a)
                        </option>
                        <option
                          value="403(b)"
                        >
                          403(b)
                        </option>
                        <option
                          value="457"
                        >
                          457
                        </option>
                        <option
                          value="Simple 401(k)"
                        >
                          Simple 401(k)
                        </option>
                        <option
                          value="403(k)SEP"
                        >
                          403(k)SEP
                        </option>
                        <option
                          value="IRA"
                        >
                          IRA
                        </option>
                        <option
                          value="Money"
                        >
                          Money
                        </option>
                      </select>
                      <div
                        class="dropSide-custom-select"
                      >
                        Select
                      </div>
                      <span
                        class="dropSide-custom-select-arrow"
                        style="display: flex; position: absolute; right: 0px; padding: 0px; min-width: 32px; font-size: 24px; outline: none; height: 100%;"
                      >
                        <span
                          style="transform: rotate(90deg);"
                        >
                          &gt;
                        </span>
                      </span>
                    </button>
                  </div>
                  <div
                    class="required md form-group"
                  >
                    <label
                      class="form-label"
                    >
                      Choose a prototype(optional)
                       
                    </label>
                    <button
                      class="form-control dropSide  dropdown"
                      style="position: relative; display: flex; align-items: center;"
                      type="button"
                    >
                      <select
                        style="visibility: hidden;"
                      >
                        <option
                          value=""
                        >
                          ------select-----
                        </option>
                        <option
                          value="401(k)"
                        >
                          401(k)
                        </option>
                        <option
                          value="401(a)"
                        >
                          401(a)
                        </option>
                        <option
                          value="403(b)"
                        >
                          403(b)
                        </option>
                        <option
                          value="457"
                        >
                          457
                        </option>
                        <option
                          value="Simple 401(k)"
                        >
                          Simple 401(k)
                        </option>
                        <option
                          value="403(k)SEP"
                        >
                          403(k)SEP
                        </option>
                        <option
                          value="IRA"
                        >
                          IRA
                        </option>
                        <option
                          value="Money"
                        >
                          Money
                        </option>
                      </select>
                      <div
                        class="dropSide-custom-select"
                      >
                        Select
                      </div>
                      <span
                        class="dropSide-custom-select-arrow"
                        style="display: flex; position: absolute; right: 0px; padding: 0px; min-width: 32px; font-size: 24px; outline: none; height: 100%;"
                      >
                        <span
                          style="transform: rotate(90deg);"
                        >
                          &gt;
                        </span>
                      </span>
                    </button>
                  </div>
                  <div
                    class="required md form-group"
                  >
                    <label
                      class="form-label"
                    >
                      Select a company
                       
                    </label>
                    <button
                      class="form-control dropSide  dropdown"
                      style="position: relative; display: flex; align-items: center;"
                      type="button"
                    >
                      <select
                        style="visibility: hidden;"
                      >
                        <option
                          value=""
                        >
                          ------select-----
                        </option>
                        <option
                          value="401(k)"
                        >
                          401(k)
                        </option>
                        <option
                          value="401(a)"
                        >
                          401(a)
                        </option>
                        <option
                          value="403(b)"
                        >
                          403(b)
                        </option>
                        <option
                          value="457"
                        >
                          457
                        </option>
                        <option
                          value="Simple 401(k)"
                        >
                          Simple 401(k)
                        </option>
                        <option
                          value="403(k)SEP"
                        >
                          403(k)SEP
                        </option>
                        <option
                          value="IRA"
                        >
                          IRA
                        </option>
                        <option
                          value="Money"
                        >
                          Money
                        </option>
                      </select>
                      <div
                        class="dropSide-custom-select"
                      >
                        Select
                      </div>
                      <span
                        class="dropSide-custom-select-arrow"
                        style="display: flex; position: absolute; right: 0px; padding: 0px; min-width: 32px; font-size: 24px; outline: none; height: 100%;"
                      >
                        <span
                          style="transform: rotate(90deg);"
                        >
                          &gt;
                        </span>
                      </span>
                    </button>
                  </div>
                  <div
                    class="required md form-group"
                  >
                    <label
                      class="form-label"
                    >
                      New company name
                       
                    </label>
                    <div
                      class="d-flex"
                    >
                      <input
                        autocomplete="off"
                        class="form-control"
                        label="New company name"
                        name="planName"
                        suggestiondefaulttext="Suggest a valid name"
                        type="text"
                        value=""
                      />
                      <span
                        class="suggest-text"
                      >
                        Suggest a valid name
                      </span>
                    </div>
                  </div>
                  <div
                    class="required md form-group"
                  >
                    <label
                      class="form-label"
                    >
                      Plan ID(record keeping plan number)
                       
                    </label>
                    <div
                      class="d-flex"
                    >
                      <input
                        autocomplete="off"
                        class="form-control"
                        label="Plan ID(record keeping plan number)"
                        name="planID"
                        type="text"
                        value=""
                      />
                    </div>
                  </div>
                </form>
              </div>
            </div>
          </div>
        </div>
      </div>
    </div>
  </div>
</body>
`;
