// Jest Snapshot v1, https://goo.gl/fbAQLP

exports[`AddTrusteeMasterContainer to match snapshot active 1`] = `
<body>
  <div>
    <div
      class="d-flex flex-column manage-company h-100"
    >
      <div
        class="d-flex layout-header align-items-center"
      >
        <div>
          <nav
            aria-label="breadcrumb"
          >
            <ol
              class="breadcrumb"
            >
              <li
                class="breadcrumb-item"
              >
                <a
                  href="#"
                  role="button"
                >
                  <a
                    href="/home"
                  >
                    Home
                  </a>
                </a>
              </li>
              <li
                class="breadcrumb-item"
              >
                <a
                  href="#"
                  role="button"
                >
                  <a
                    href="/plans"
                  >
                    Manage Plan
                  </a>
                </a>
              </li>
            </ol>
          </nav>
          <h5 />
        </div>
        <div
          class="d-flex align-items-center justify-content-center tab-wrapper"
        >
          <div
            class="inner-layout-header nav"
          >
            <a
              href="/manage-plan/add-trustee-master/"
            >
              <span
                class="selected nav-link"
              >
                MASTER
              </span>
            </a>
            <a
              href="/manage-plan/add-trustee/"
            >
              <span
                class="nav-link"
              >
                NEW
              </span>
            </a>
          </div>
        </div>
        <div
          class="ml-auto"
        >
          <div>
            <a
              href="/manage-plan/trustee"
            >
              <button
                class="inner-layout-actions btn btn-link"
                link="/manage-plan/trustee"
                type="button"
              >
                <svg
                  aria-hidden="true"
                  class="svg-inline--fa fa-times fa-w-10 "
                  color="#212529"
                  data-icon="times"
                  data-prefix="fal"
                  focusable="false"
                  role="img"
                  style="font-size: 1.5rem;"
                  viewBox="0 0 320 512"
                  xmlns="http://www.w3.org/2000/svg"
                >
                  <path
                    d="M193.94 256L296.5 153.44l21.15-21.15c3.12-3.12 3.12-8.19 0-11.31l-22.63-22.63c-3.12-3.12-8.19-3.12-11.31 0L160 222.06 36.29 98.34c-3.12-3.12-8.19-3.12-11.31 0L2.34 120.97c-3.12 3.12-3.12 8.19 0 11.31L126.06 256 2.34 379.71c-3.12 3.12-3.12 8.19 0 11.31l22.63 22.63c3.12 3.12 8.19 3.12 11.31 0L160 289.94 262.56 392.5l21.15 21.15c3.12 3.12 8.19 3.12 11.31 0l22.63-22.63c3.12-3.12 3.12-8.19 0-11.31L193.94 256z"
                    fill="currentColor"
                  />
                </svg>
              </button>
            </a>
          </div>
        </div>
      </div>
      <div
        class="layout-content h-100 overflow-auto"
      >
        <div
          class="d-flex flex-column"
        >
          <div
            class="plan-heading mb-10"
          >
            Add Trustee from Master
          </div>
          <div
            class="loader-wrapper "
          >
            <div
              class="d-flex flex-column cspl-table undefined"
            >
              <div
                class="d-flex table-head align-items-center undefined"
              >
                <div
                  class="d-flex table-row undefined"
                >
                  <div
                    class="d-flex table-head-cell column-trusteeName sortable "
                  >
                    Company Name
                  </div>
                  <div
                    class="d-flex table-head-cell column-trusteeMail sortable "
                  >
                    E Mail
                  </div>
                  <div
                    class="d-flex table-head-cell column-trusteePhone sortable "
                  >
                    Phone No.
                  </div>
                  <div
                    class="d-flex table-head-cell column-trusteePlan sortable "
                  />
                </div>
              </div>
              <div
                class="d-flex flex-column table-body undefined"
              >
                <div
                  class="d-flex table-row undefined"
                >
                  <div
                    class="d-flex table-cell column-trusteeName"
                  >
                    <a
                      href="/manage-plan/manage-trustee"
                    >
                      MEP -101
                    </a>
                  </div>
                  <div
                    class="d-flex table-cell column-trusteeMail"
                  >
                    trustee@mep102.com
                  </div>
                  <div
                    class="d-flex table-cell column-trusteePhone"
                  >
                    2092889124
                  </div>
                  <div
                    class="d-flex table-cell column-trusteePlan"
                  >
                    <a
                      href="/manage-plan/manage-trustee"
                    />
                  </div>
                </div>
                <div
                  class="d-flex table-row undefined"
                >
                  <div
                    class="d-flex table-cell column-trusteeName"
                  >
                    <a
                      href="/manage-plan/manage-trustee"
                    >
                      MEP -102
                    </a>
                  </div>
                  <div
                    class="d-flex table-cell column-trusteeMail"
                  >
                    trustee@mep207.com
                  </div>
                  <div
                    class="d-flex table-cell column-trusteePhone"
                  >
                    2092889207
                  </div>
                  <div
                    class="d-flex table-cell column-trusteePlan"
                  >
                    <a
                      href="/manage-plan/manage-trustee"
                    >
                      <button
                        class="btn-theme"
                      >
                        ADD TO PLAN
                      </button>
                    </a>
                  </div>
                </div>
                <div
                  class="d-flex table-row undefined"
                >
                  <div
                    class="d-flex table-cell column-trusteeName"
                  >
                    <a
                      href="/manage-plan/manage-trustee"
                    >
                      MEP -103
                    </a>
                  </div>
                  <div
                    class="d-flex table-cell column-trusteeMail"
                  >
                    trustee@mep206.com
                  </div>
                  <div
                    class="d-flex table-cell column-trusteePhone"
                  >
                    2092889206
                  </div>
                  <div
                    class="d-flex table-cell column-trusteePlan"
                  >
                    <a
                      href="/manage-plan/manage-trustee"
                    />
                  </div>
                </div>
                <div
                  class="d-flex table-row undefined"
                >
                  <div
                    class="d-flex table-cell column-trusteeName"
                  >
                    <a
                      href="/manage-plan/manage-trustee"
                    >
                      MEP -104
                    </a>
                  </div>
                  <div
                    class="d-flex table-cell column-trusteeMail"
                  >
                    trustee@mep206.com
                  </div>
                  <div
                    class="d-flex table-cell column-trusteePhone"
                  >
                    2092889206
                  </div>
                  <div
                    class="d-flex table-cell column-trusteePlan"
                  >
                    <a
                      href="/manage-plan/manage-trustee"
                    />
                  </div>
                </div>
                <div
                  class="d-flex table-row undefined"
                >
                  <div
                    class="d-flex table-cell column-trusteeName"
                  >
                    <a
                      href="/manage-plan/manage-trustee"
                    >
                      MEP -105
                    </a>
                  </div>
                  <div
                    class="d-flex table-cell column-trusteeMail"
                  >
                    trustee@mep206.com
                  </div>
                  <div
                    class="d-flex table-cell column-trusteePhone"
                  >
                    2092889206
                  </div>
                  <div
                    class="d-flex table-cell column-trusteePlan"
                  >
                    <a
                      href="/manage-plan/manage-trustee"
                    />
                  </div>
                </div>
              </div>
            </div>
          </div>
        </div>
      </div>
    </div>
  </div>
</body>
`;
