// Jest Snapshot v1, https://goo.gl/fbAQLP

exports[`PlanTypeList to match snapshot 1`] = `
<body>
  <div>
    <div
      class=""
    >
      <div>
        <div
          class="searchable-list-input form-group"
        >
          <label
            class="searchable-list-label form-label"
          >
            Select Plan Type
          </label>
        </div>
        <div
          class="searchable-list overflow-y-auto"
        />
      </div>
    </div>
  </div>
</body>
`;
