// Jest Snapshot v1, https://goo.gl/fbAQLP

exports[`FormButtonGroup to match snapshot 1`] = `
<body>
  <div>
    <div
      class="form-control form-button-group "
    >
      <div
        class="btn-group"
        role="group"
      >
        <button
          class="btn btn-primary"
          data-attr="true"
          type="button"
        >
          Yes
        </button>
        <button
          class="btn btn-primary"
          data-attr="false"
          type="button"
        >
          No
        </button>
      </div>
    </div>
  </div>
</body>
`;
