// Jest Snapshot v1, https://goo.gl/fbAQLP

exports[`PlanSuccessContainer to match snapshot active 1`] = `
<body>
  <div>
    <div
      class="row"
    >
      <div
        class="h-100 overflow-auto col"
      >
        <div
          class="plan-success"
        >
          <span
            class="check-cirle green ft-72"
          >
            <svg
              aria-hidden="true"
              class="svg-inline--fa fa-check-circle fa-w-16 "
              data-icon="check-circle"
              data-prefix="fas"
              focusable="false"
              role="img"
              viewBox="0 0 512 512"
              xmlns="http://www.w3.org/2000/svg"
            >
              <path
                d="M504 256c0 136.967-111.033 248-248 248S8 392.967 8 256 119.033 8 256 8s248 111.033 248 248zM227.314 387.314l184-184c6.248-6.248 6.248-16.379 0-22.627l-22.627-22.627c-6.248-6.249-16.379-6.249-22.628 0L216 308.118l-70.059-70.059c-6.248-6.248-16.379-6.248-22.628 0l-22.627 22.627c-6.248 6.248-6.248 16.379 0 22.627l104 104c6.249 6.249 16.379 6.249 22.628.001z"
                fill="currentColor"
              />
            </svg>
          </span>
          <h1>
            Plan Reg 401K MM1
          </h1>
          <h4>
            (ABC123456)
          </h4>
          <p
            class="mb-30"
          >
            has been created successfully.
          </p>
          <p
            class="mb-60"
          >
            This is a 
            <b>
              Regular
            </b>
             Plan of 
            <b>
              401k
            </b>
             created for 
            <b>
              Megamagic Inc.
            </b>
          </p>
          <p
            class="text-grey"
          >
            Next steps include:
          </p>
          <p
            class="text-grey"
          >
            providing required information to set up this plan and the approval.
          </p>
          <button
            class="btn btn-primary"
            type="submit"
          >
            CONTINUE
          </button>
        </div>
      </div>
    </div>
  </div>
</body>
`;
