// Jest Snapshot v1, https://goo.gl/fbAQLP

exports[`SourcesHistoryContainer - sprint 4 Should match snapshot with table 1`] = `
<body>
  <div>
    <div
      class="d-flex flex-column manage-company h-100"
    >
      <div
        class="d-flex layout-header align-items-center"
      >
        <div>
          <nav
            aria-label="breadcrumb"
          >
            <ol
              class="breadcrumb"
            >
              <li
                class="breadcrumb-item"
              >
                <a
                  href="#"
                  role="button"
                >
                  <a
                    href="/home"
                  >
                    Home
                  </a>
                </a>
              </li>
              <li
                class="breadcrumb-item"
              >
                <a
                  href="#"
                  role="button"
                >
                  <a
                    href="/plans"
                  >
                    Manage Plan
                  </a>
                </a>
              </li>
            </ol>
          </nav>
          <h5 />
        </div>
        <div
          class="d-flex align-items-center justify-content-center tab-wrapper"
        />
        <div
          class="ml-auto"
        >
          <div>
            <a
              href="/manage-plan/sources-new//"
            >
              <button
                class="inner-layout-actions btn btn-link"
                flow="edit"
                link="/manage-plan/sources-new//"
                type="button"
              >
                <svg
                  aria-hidden="true"
                  class="svg-inline--fa fa-times fa-w-10 "
                  color="#212529"
                  data-icon="times"
                  data-prefix="fal"
                  focusable="false"
                  role="img"
                  style="font-size: 1.5rem;"
                  viewBox="0 0 320 512"
                  xmlns="http://www.w3.org/2000/svg"
                >
                  <path
                    d="M193.94 256L296.5 153.44l21.15-21.15c3.12-3.12 3.12-8.19 0-11.31l-22.63-22.63c-3.12-3.12-8.19-3.12-11.31 0L160 222.06 36.29 98.34c-3.12-3.12-8.19-3.12-11.31 0L2.34 120.97c-3.12 3.12-3.12 8.19 0 11.31L126.06 256 2.34 379.71c-3.12 3.12-3.12 8.19 0 11.31l22.63 22.63c3.12 3.12 8.19 3.12 11.31 0L160 289.94 262.56 392.5l21.15 21.15c3.12 3.12 8.19 3.12 11.31 0l22.63-22.63c3.12-3.12 3.12-8.19 0-11.31L193.94 256z"
                    fill="currentColor"
                  />
                </svg>
              </button>
            </a>
          </div>
        </div>
      </div>
      <div
        class="layout-content h-100 overflow-auto"
      >
        <div
          class="plan-heading"
        >
          Sources Effective Date History
        </div>
        <div
          class="loader-wrapper "
        >
          <div
            class="d-flex flex-column cspl-table undefined"
          >
            <div
              class="d-flex table-head align-items-center undefined"
            >
              <div
                class="d-flex table-row undefined"
              >
                <div
                  class="d-flex table-head-cell column-start-date  undefined"
                >
                  Start Date
                </div>
                <div
                  class="d-flex table-head-cell column-end-date  undefined"
                >
                  End Date
                </div>
                <div
                  class="d-flex table-head-cell column-update-by  undefined"
                >
                  Update By
                </div>
                <div
                  class="d-flex table-head-cell column-updated-on  undefined"
                >
                  Update On
                </div>
              </div>
            </div>
            <div
              class="d-flex flex-column table-body undefined"
            >
              <div
                class="d-flex table-row undefined"
              >
                <div
                  class="d-flex table-cell column-start-date"
                >
                  10/21/2020
                </div>
                <div
                  class="d-flex table-cell column-end-date"
                >
                  10/22/2020
                </div>
                <div
                  class="d-flex table-cell column-update-by"
                >
                  Admin 123
                </div>
                <div
                  class="d-flex table-cell column-updated-on"
                >
                  10/23/2020
                </div>
              </div>
              <div
                class="d-flex table-row undefined"
              >
                <div
                  class="d-flex table-cell column-start-date"
                >
                  10/20/2020
                </div>
                <div
                  class="d-flex table-cell column-end-date"
                >
                  10/21/2020
                </div>
                <div
                  class="d-flex table-cell column-update-by"
                >
                  Admin 123
                </div>
                <div
                  class="d-flex table-cell column-updated-on"
                >
                  10/22/2020
                </div>
              </div>
              <div
                class="d-flex table-row undefined"
              >
                <div
                  class="d-flex table-cell column-start-date"
                >
                  10/15/2020
                </div>
                <div
                  class="d-flex table-cell column-end-date"
                >
                  10/16/2020
                </div>
                <div
                  class="d-flex table-cell column-update-by"
                >
                  Admin 123
                </div>
                <div
                  class="d-flex table-cell column-updated-on"
                >
                  10/17/2020
                </div>
              </div>
              <div
                class="d-flex table-row undefined"
              >
                <div
                  class="d-flex table-cell column-start-date"
                >
                  10/10/2020
                </div>
                <div
                  class="d-flex table-cell column-end-date"
                >
                  10/11/2020
                </div>
                <div
                  class="d-flex table-cell column-update-by"
                >
                  Admin 123
                </div>
                <div
                  class="d-flex table-cell column-updated-on"
                >
                  10/12/2020
                </div>
              </div>
              <div
                class="d-flex table-row undefined"
              >
                <div
                  class="d-flex table-cell column-start-date"
                >
                  10/01/2020
                </div>
                <div
                  class="d-flex table-cell column-end-date"
                >
                  10/02/2020
                </div>
                <div
                  class="d-flex table-cell column-update-by"
                >
                  Admin 123
                </div>
                <div
                  class="d-flex table-cell column-updated-on"
                >
                  10/03/2020
                </div>
              </div>
              <div
                class="d-flex table-row undefined"
              >
                <div
                  class="d-flex table-cell column-start-date"
                >
                  10/06/2020
                </div>
                <div
                  class="d-flex table-cell column-end-date"
                >
                  10/07/2020
                </div>
                <div
                  class="d-flex table-cell column-update-by"
                >
                  Admin 123
                </div>
                <div
                  class="d-flex table-cell column-updated-on"
                >
                  10/08/2020
                </div>
              </div>
              <div
                class="d-flex table-row undefined"
              >
                <div
                  class="d-flex table-cell column-start-date"
                >
                  10/11/2020
                </div>
                <div
                  class="d-flex table-cell column-end-date"
                >
                  10/12/2020
                </div>
                <div
                  class="d-flex table-cell column-update-by"
                >
                  Admin 123
                </div>
                <div
                  class="d-flex table-cell column-updated-on"
                >
                  10/13/2020
                </div>
              </div>
              <div
                class="d-flex table-row undefined"
              >
                <div
                  class="d-flex table-cell column-start-date"
                >
                  10/16/2020
                </div>
                <div
                  class="d-flex table-cell column-end-date"
                >
                  10/17/2020
                </div>
                <div
                  class="d-flex table-cell column-update-by"
                >
                  Admin 123
                </div>
                <div
                  class="d-flex table-cell column-updated-on"
                >
                  10/18/2020
                </div>
              </div>
              <div
                class="d-flex table-row undefined"
              >
                <div
                  class="d-flex table-cell column-start-date"
                >
                  10/21/2020
                </div>
                <div
                  class="d-flex table-cell column-end-date"
                >
                  10/22/2020
                </div>
                <div
                  class="d-flex table-cell column-update-by"
                >
                  Admin 123
                </div>
                <div
                  class="d-flex table-cell column-updated-on"
                >
                  10/23/2020
                </div>
              </div>
              <div
                class="d-flex table-row undefined"
              >
                <div
                  class="d-flex table-cell column-start-date"
                >
                  10/03/2020
                </div>
                <div
                  class="d-flex table-cell column-end-date"
                >
                  10/06/2020
                </div>
                <div
                  class="d-flex table-cell column-update-by"
                >
                  Admin 123
                </div>
                <div
                  class="d-flex table-cell column-updated-on"
                >
                  10/09/2020
                </div>
              </div>
            </div>
          </div>
        </div>
      </div>
    </div>
  </div>
</body>
`;
