// Jest Snapshot v1, https://goo.gl/fbAQLP

exports[`renders learn react link 1`] = `
<body>
  <div>
    <form
      class="h-100"
    >
      <div
        class="d-flex flex-column manage-company h-100"
      >
        <div
          class="d-flex layout-header align-items-center"
        >
          <div>
            <nav
              aria-label="breadcrumb"
            >
              <ol
                class="breadcrumb"
              >
                <li
                  class="breadcrumb-item"
                >
                  <a
                    href="#"
                    role="button"
                  >
                    <a
                      href="/home"
                    >
                      Home
                    </a>
                  </a>
                </li>
                <li
                  class="breadcrumb-item"
                >
                  <a
                    href="#"
                    role="button"
                  >
                    <a
                      href="/companys"
                    >
                      Manage Company
                    </a>
                  </a>
                </li>
              </ol>
            </nav>
            <h5 />
          </div>
          <div
            class="d-flex align-items-center justify-content-center tab-wrapper"
          />
          <div
            class="ml-auto"
          >
            <div>
              <a
                href="/companys"
              >
                <button
                  class="btn btn-secondary"
                  flow="add,save"
                  link="/companys"
                  type="button"
                >
                  Cancel
                </button>
              </a>
                 
              <button
                class="btn btn-primary"
                flow="add,save"
                type="submit"
              >
                Save
              </button>
                 
            </div>
          </div>
          <div
            class="error-banner d-flex align-items-center "
          >
            <div>
              <div
                class="error-heading"
              >
                OOPS!
              </div>
              <div
                class="error-reason"
              >
                Something went wrong! please try again.
              </div>
            </div>
            <div
              class="ml-auto"
            >
              <button
                class="btn btn-link"
                type="button"
              >
                <svg
                  aria-hidden="true"
                  class="svg-inline--fa fa-times fa-w-10 "
                  color="#212529"
                  data-icon="times"
                  data-prefix="fal"
                  focusable="false"
                  role="img"
                  style="font-size: 1.5rem;"
                  viewBox="0 0 320 512"
                  xmlns="http://www.w3.org/2000/svg"
                >
                  <path
                    d="M193.94 256L296.5 153.44l21.15-21.15c3.12-3.12 3.12-8.19 0-11.31l-22.63-22.63c-3.12-3.12-8.19-3.12-11.31 0L160 222.06 36.29 98.34c-3.12-3.12-8.19-3.12-11.31 0L2.34 120.97c-3.12 3.12-3.12 8.19 0 11.31L126.06 256 2.34 379.71c-3.12 3.12-3.12 8.19 0 11.31l22.63 22.63c3.12 3.12 8.19 3.12 11.31 0L160 289.94 262.56 392.5l21.15 21.15c3.12 3.12 8.19 3.12 11.31 0l22.63-22.63c3.12-3.12 3.12-8.19 0-11.31L193.94 256z"
                    fill="currentColor"
                  />
                </svg>
              </button>
            </div>
          </div>
        </div>
        <div
          class="layout-content h-100 overflow-auto"
        >
          <div
            class="row"
          >
            <div
              class="col"
            >
              <div
                class="required md form-group"
              >
                <label
                  class="form-label"
                >
                  Payroll Frequency
                   
                </label>
                <button
                  class="form-control dropSide  dropdown"
                  style="position: relative; display: flex; align-items: center;"
                  type="button"
                >
                  <select
                    style="visibility: hidden;"
                  >
                    <option
                      value=""
                    >
                      ------select-----
                    </option>
                    <option
                      value="1"
                    >
                      Daily
                    </option>
                    <option
                      value="2"
                    >
                      Weekly
                    </option>
                    <option
                      value="8"
                    >
                      Bi-Weekly
                    </option>
                    <option
                      value="3"
                    >
                      Semi-Monthly
                    </option>
                    <option
                      value="4"
                    >
                      Monthly
                    </option>
                    <option
                      value="5"
                    >
                      Quarterly
                    </option>
                    <option
                      value="6"
                    >
                      Semi-Annually
                    </option>
                    <option
                      value="7"
                    >
                      Annually
                    </option>
                  </select>
                  <div
                    class="dropSide-custom-select"
                  >
                    Select
                  </div>
                  <span
                    class="dropSide-custom-select-arrow"
                    style="display: flex; position: absolute; right: 0px; padding: 0px; min-width: 32px; font-size: 24px; outline: none; height: 100%;"
                  >
                    <span
                      style="transform: rotate(90deg);"
                    >
                      &gt;
                    </span>
                  </span>
                </button>
              </div>
              <div
                class="required md form-group"
              >
                <label
                  class="form-label"
                >
                  Frequency name
                   
                </label>
                <input
                  autocomplete="nope"
                  class="form-control"
                  name="frequencyName"
                  type="text"
                  value=""
                />
              </div>
            </div>
          </div>
        </div>
      </div>
    </form>
  </div>
</body>
`;
