// Jest Snapshot v1, https://goo.gl/fbAQLP

exports[`renders learn react link 1`] = `
<body>
  <div>
    <div
      class="d-flex flex-column manage-company h-100"
    >
      <div
        class="d-flex layout-header align-items-center"
      >
        <div>
          <nav
            aria-label="breadcrumb"
          >
            <ol
              class="breadcrumb"
            >
              <li
                class="breadcrumb-item"
              >
                <a
                  href="#"
                  role="button"
                >
                  <a
                    href="/home"
                  >
                    Home
                  </a>
                </a>
              </li>
              <li
                class="breadcrumb-item"
              >
                <a
                  href="#"
                  role="button"
                >
                  <a
                    href="/plans"
                  >
                    Manage Plan
                  </a>
                </a>
              </li>
            </ol>
          </nav>
          <h5 />
        </div>
        <div
          class="d-flex align-items-center justify-content-center tab-wrapper"
        />
        <div
          class="ml-auto"
        >
          <div>
            <a
              href="/manage-plan/manage-sources"
            >
              <button
                class="inner-layout-actions btn btn-link"
                flow="edit"
                link="/manage-plan/manage-sources"
                type="button"
              >
                <svg
                  aria-hidden="true"
                  class="svg-inline--fa fa-times fa-w-10 "
                  color="#212529"
                  data-icon="times"
                  data-prefix="fal"
                  focusable="false"
                  role="img"
                  style="font-size: 1.5rem;"
                  viewBox="0 0 320 512"
                  xmlns="http://www.w3.org/2000/svg"
                >
                  <path
                    d="M193.94 256L296.5 153.44l21.15-21.15c3.12-3.12 3.12-8.19 0-11.31l-22.63-22.63c-3.12-3.12-8.19-3.12-11.31 0L160 222.06 36.29 98.34c-3.12-3.12-8.19-3.12-11.31 0L2.34 120.97c-3.12 3.12-3.12 8.19 0 11.31L126.06 256 2.34 379.71c-3.12 3.12-3.12 8.19 0 11.31l22.63 22.63c3.12 3.12 8.19 3.12 11.31 0L160 289.94 262.56 392.5l21.15 21.15c3.12 3.12 8.19 3.12 11.31 0l22.63-22.63c3.12-3.12 3.12-8.19 0-11.31L193.94 256z"
                    fill="currentColor"
                  />
                </svg>
              </button>
            </a>
          </div>
        </div>
      </div>
      <div
        class="layout-content h-100 overflow-auto"
      >
        <div
          class="plan-heading"
        >
          Basic Source Information
        </div>
        <div>
          <div
            class=" md form-group"
          >
            <label
              class="form-label"
            >
              Source Type
               
            </label>
            <div
              class="form-control form-button-group disabled"
            >
              <div
                aria-label="Source Type"
                class="btn-group"
                name="sourceType"
                role="group"
              >
                <button
                  class="btn btn-primary"
                  data-attr="1"
                  disabled=""
                  type="button"
                >
                  Employee
                </button>
                <button
                  class="btn btn-primary"
                  data-attr="2"
                  disabled=""
                  type="button"
                >
                  Employer
                </button>
              </div>
            </div>
          </div>
          <div>
            <div
              class=" md form-group"
            >
              <label
                class="form-label"
              >
                Source Category
                 
              </label>
              <div
                class="form-control form-button-group disabled"
              >
                <div
                  aria-label="Source Category"
                  class="btn-group"
                  name="sourceCategory"
                  role="group"
                >
                  <button
                    class="btn btn-primary"
                    data-attr="1"
                    disabled=""
                    type="button"
                  >
                    Deferral
                  </button>
                  <button
                    class="btn btn-primary"
                    data-attr="2"
                    disabled=""
                    type="button"
                  >
                    Other
                  </button>
                </div>
              </div>
            </div>
            <div
              class=" lg form-group"
            >
              <label
                class="form-label"
              >
                Source Sub Category
                 
              </label>
              <div
                class="form-control form-button-group disabled"
              >
                <div
                  aria-label="Source Sub Category"
                  class="btn-group"
                  name="sourceSubCategory"
                  role="group"
                >
                  <button
                    class="btn btn-primary"
                    data-attr="5"
                    disabled=""
                    type="button"
                  >
                    After Tax Rollover
                  </button>
                  <button
                    class="btn btn-primary"
                    data-attr="6"
                    disabled=""
                    type="button"
                  >
                    Pre Tax Rollover
                  </button>
                  <button
                    class="btn btn-primary"
                    data-attr="7"
                    disabled=""
                    type="button"
                  >
                    Roth Rollover
                  </button>
                </div>
              </div>
            </div>
            <div
              class=" md form-group"
            >
              <label
                class="form-label"
              >
                Source Name
                 
              </label>
              <input
                autocomplete="off"
                class="form-control"
                disabled=""
                label="Source Name"
                name="sourceName"
                type="text"
                value=""
              />
            </div>
            <div
              class=" sm form-group"
            >
              <label
                class="form-label"
              >
                Record Keeper Plan Number
                 
              </label>
              <input
                autocomplete="off"
                class="form-control form-control-sm"
                disabled=""
                label="Record Keeper Plan Number"
                name="recordKeeperNumber"
                type="text"
                value=""
              />
            </div>
            <div
              class=" md form-group"
            >
              <label
                class="form-label"
              >
                Effective Start date
                 
              </label>
              <button
                class="form-control dropSide disabled dropdown"
                disabled=""
                style="position: relative; display: flex; align-items: center;"
                type="button"
              >
                <select
                  style="visibility: hidden;"
                >
                  <option
                    value=""
                  >
                    ------select-----
                  </option>
                </select>
                <div
                  class="dropSide-custom-select"
                >
                  Select
                </div>
                <span
                  class="dropSide-custom-select-arrow"
                  disabled=""
                  style="display: flex; position: absolute; right: 0px; padding: 0px; min-width: 32px; font-size: 24px; outline: none; height: 100%;"
                >
                  <span
                    style="transform: rotate(90deg);"
                  >
                    &gt;
                  </span>
                </span>
              </button>
            </div>
            <div
              class=" md form-group"
            >
              <label
                class="form-label"
              >
                Effective End date(optional)
                 
              </label>
              <button
                class="form-control dropSide disabled dropdown"
                disabled=""
                style="position: relative; display: flex; align-items: center;"
                type="button"
              >
                <select
                  style="visibility: hidden;"
                >
                  <option
                    value=""
                  >
                    ------select-----
                  </option>
                </select>
                <div
                  class="dropSide-custom-select"
                >
                  Select
                </div>
                <span
                  class="dropSide-custom-select-arrow"
                  disabled=""
                  style="display: flex; position: absolute; right: 0px; padding: 0px; min-width: 32px; font-size: 24px; outline: none; height: 100%;"
                >
                  <span
                    style="transform: rotate(90deg);"
                  >
                    &gt;
                  </span>
                </span>
              </button>
            </div>
            <div
              class=" sm form-group"
            >
              <label
                class="form-label"
              >
                New Contribution Allowed?
                 
              </label>
              <div
                class="form-control form-button-group disabled"
              >
                <div
                  aria-label="New Contribution Allowed?"
                  class="btn-group"
                  name="isNewContributionAllowed"
                  role="group"
                >
                  <button
                    class="btn btn-primary"
                    data-attr="true"
                    disabled=""
                    type="button"
                  >
                    Yes
                  </button>
                  <button
                    class="btn btn-primary"
                    data-attr="false"
                    disabled=""
                    type="button"
                  >
                    No
                  </button>
                </div>
              </div>
            </div>
            <div
              class=" sm form-group"
            >
              <label
                class="form-label"
              >
                Display source to employee?
                 
              </label>
              <div
                class="form-control form-button-group disabled"
              >
                <div
                  aria-label="Display source to employee?"
                  class="btn-group"
                  name="shouldDisplaySources"
                  role="group"
                >
                  <button
                    class="btn btn-primary"
                    data-attr="true"
                    disabled=""
                    type="button"
                  >
                    Yes
                  </button>
                  <button
                    class="btn btn-primary"
                    data-attr="false"
                    disabled=""
                    type="button"
                  >
                    No
                  </button>
                </div>
              </div>
            </div>
          </div>
        </div>
      </div>
    </div>
  </div>
</body>
`;
