// Jest Snapshot v1, https://goo.gl/fbAQLP

exports[`InnerLayoutHeaderTabs to match snapshot 1`] = `
<body>
  <div>
    <div
      class="inner-layout-header nav"
    >
      <a
        href="/manage-company/payroll-calendar-settings"
      >
        <span
          class="nav-link"
        >
          SETTINGS
        </span>
      </a>
      <a
        href="/manage-company/payroll-calendar-paydates"
      >
        <span
          class="selected nav-link"
        >
          PAYDATES
        </span>
      </a>
    </div>
  </div>
</body>
`;
