// Jest Snapshot v1, https://goo.gl/fbAQLP

exports[`ManagePlanMenu to match snapshot 1`] = `
<body>
  <div>
    <ul
      class="manage-company-menu"
    >
      <li
        class="selected"
      >
        <a
          href="/manage-plan/basic-details"
        >
          Basic Details
        </a>
      </li>
      <li
        class=""
      >
        <a
          href="/manage-plan/sponsor"
        >
          Sponsor
        </a>
      </li>
      <li
        class=""
      >
        <a
          href="/manage-plan/trustee"
        >
          Trustee
        </a>
      </li>
      <li
        class=""
      >
        <a
          href="/manage-plan/custodian"
        >
          Custodian
        </a>
      </li>
      <li
        class=""
      >
        <a
          href="/manage-plan/advisor"
        >
          Advisor
        </a>
      </li>
      <li
        class=""
      >
        <a
          href="/manage-plan/complaince"
        >
          Complaince
        </a>
      </li>
      <li
        class=""
      >
        <a
          href="/manage-plan/manage-sources"
        >
          Sources
        </a>
      </li>
      <li
        class=""
      >
        <a
          href="/manage-plan/eligibility"
        >
          Eligibility
        </a>
      </li>
      <li
        class=""
      >
        <a
          href="/manage-plan/allocation"
        >
          Allocation
        </a>
      </li>
      <li
        class=""
      >
        <a
          href="/manage-plan/vesting"
        >
          Vesting
        </a>
      </li>
    </ul>
  </div>
</body>
`;
